{"logTime": "0722/150156", "correlationVector":"uE0F2Vo/Wp6OKCJm787F8k.1","action":"SyncServerConnectionManagerRequest", "result":"SYNC_SERVER_OK", "context":{"environment":"Prod_francecentral_prod-s01-062-eur-francecentral", "migrationStage":"NotStarted", "server":"akswtt11600000l"}}
{"logTime": "0722/150156", "correlationVector":"uE0F2Vo/Wp6OKCJm787F8k.2","action":"ProcessGetUpdates", "result":"Done", "context":{"dataType":"Encryption Keys", "deleted":"0", "process_failed_to_decrypt":"0", "process_pending_decryption":"0", "process_success":"1", "total":"1"}}
{"logTime": "0722/150158", "correlationVector":"hui4ui0Fb59BZnq0iC0xOv","action":"SyncServerConnectionManagerRequest", "result":"SYNC_SERVER_OK", "context":{"environment":"", "migrationStage":"", "server":""}}
{"logTime": "0722/150158", "correlationVector":"hui4ui0Fb59BZnq0iC0xOv.0","action":"EncryptionKeysFetcher.DownloadKeys:", "result":"Success", "context":Key count: 8, Last key timestamp: 2026-07-01T12:32:29Z}
{"logTime": "0722/150158", "correlationVector":"hui4ui0Fb59BZnq0iC0xOv.1","action":"EncryptionKeysManager::SetEncryptionKeys:", "result":"Success", "context":Key names[8]:[oy3PI70ubVNNagLbxBCUraJGXlIqotlIdvdn0QlkQG9sJWXvXRMwO+5Jw62tNoGIWtiYLMchdXqstfBa6TtRcA==][eQneJ2f9hCc12rt7z31ViJWHwvX6ducS/RIot6RctTFEwiGAPVQylFdp2phazcwceXSkNPjYsXEgVEC/cL+Qyg==][LHKNaU+DKn/rQckBu8kfoQYefX8o69+pAhoj0H/aJXoGE8QWCJP//59YUeOCr1QbLn86/g0ZcAIa2+84iZJYOA==][cGphpzWVFsWAGby8yOOEz1QYl4xZSikApznU3UFgf3tT4Kg9IknUUNr5iRagsRKPkVewsZWMxbmCYismz5yZ9A==][sXIY9rFVpFVxJYxHhRlBWMTq6tXh0TkSmdq1JJt3iXnN9XU9YyvMuKatfUiQ69PFoOLrx7BCMF2ZRVSane80Xg==][e0uqR8WHp6BQOjoBn2jaN/cYVG8LJCpOr8sL8AmCaUZxQSEb4NT2IauPLZmKL+OM/cYlHLEN4ENtxapATLeIng==][9P4zsdMqsgchEltapv/hDkPWkiUu7glXpBmQACx4AigXZg1Kp5Gd6gysjT6G7T+wliSJXu4YljthYYgfBFScSA==][3JsH/+tzHpublTrwTt4jhkU3L0Y2NesjRazYdijXl8rTMkY0xzsfxEmz0104U2gj+4v8wCGlgwmDAWnQIfFcFQ==]}
{"logTime": "0722/150158", "correlationVector":"hui4ui0Fb59BZnq0iC0xOv.2","action":"EncryptionKeysManager::SetEncryptionKeysWithTimestamps:", "result":"Success", "context":Key timestamps[8]:[2022-12-10T18:42:43Z][2023-06-27T16:21:06Z][2024-01-01T20:21:58Z][2024-07-02T11:12:51Z][2024-12-31T17:23:05Z][2025-07-01T09:46:51Z][2025-12-28T14:57:12Z][2026-07-01T12:32:29Z]}
{"logTime": "0722/150158", "correlationVector":"uE0F2Vo/Wp6OKCJm787F8k","action":"Initial GetUpdates", "result":"", "context":Reason: NEW_CLIENT. cV=uE0F2Vo/Wp6OKCJm787F8k}
{"logTime": "0722/150158", "correlationVector":"uE0F2Vo/Wp6OKCJm787F8k.3","action":"GetUpdates Response", "result":"Success", "context":Received 1 update(s). cV=uE0F2Vo/Wp6OKCJm787F8k.0;server=akswtt11600000l;cloudType=Consumer;environment=Prod_francecentral_prod-s01-062-eur-francecentral;migrationStage=NotStarted}
{"logTime": "0722/150158", "correlationVector":"TGRHnGo0bO6VFMVGknL/QX","action":"Initial GetUpdates", "result":"", "context":Reason: NEWLY_SUPPORTED_DATATYPE. cV=TGRHnGo0bO6VFMVGknL/QX}
{"logTime": "0722/150159", "correlationVector":"TGRHnGo0bO6VFMVGknL/QX.1","action":"SyncServerConnectionManagerRequest", "result":"SYNC_SERVER_OK", "context":{"environment":"Prod_francecentral_prod-s01-062-eur-francecentral", "migrationStage":"NotStarted", "server":"akswtt116000006"}}
{"logTime": "0722/150159", "correlationVector":"TGRHnGo0bO6VFMVGknL/QX.2","action":"ProcessGetUpdates", "result":"Done", "context":{"dataType":"Passwords", "deleted":"0", "process_failed_to_decrypt":"0", "process_pending_decryption":"0", "process_success":"246", "total":"246"}}
{"logTime": "0722/150159", "correlationVector":"TGRHnGo0bO6VFMVGknL/QX.3","action":"ProcessGetUpdates", "result":"Done", "context":{"dataType":"Device Info", "deleted":"0", "process_failed_to_decrypt":"0", "process_pending_decryption":"0", "process_success":"4", "total":"4"}}
{"logTime": "0722/150159", "correlationVector":"TGRHnGo0bO6VFMVGknL/QX.4","action":"GetUpdates Response", "result":"Success", "context":Received 250 update(s). cV=TGRHnGo0bO6VFMVGknL/QX.0;server=akswtt116000006;cloudType=Consumer;environment=Prod_francecentral_prod-s01-062-eur-francecentral;migrationStage=NotStarted Some updates remain.}
{"logTime": "0722/150159", "correlationVector":"vcpACF2P676VSdghb2qzwb","action":"Initial GetUpdates", "result":"", "context":Reason: NEWLY_SUPPORTED_DATATYPE. cV=vcpACF2P676VSdghb2qzwb}
{"logTime": "0722/150200", "correlationVector":"vcpACF2P676VSdghb2qzwb.1","action":"SyncServerConnectionManagerRequest", "result":"SYNC_SERVER_OK", "context":{"environment":"Prod_francecentral_prod-s01-062-eur-francecentral", "migrationStage":"NotStarted", "server":"akswtt116000007"}}
{"logTime": "0722/150200", "correlationVector":"vcpACF2P676VSdghb2qzwb.2","action":"ProcessGetUpdates", "result":"Done", "context":{"dataType":"Passwords", "deleted":"0", "process_failed_to_decrypt":"0", "process_pending_decryption":"0", "process_success":"1", "total":"1"}}
{"logTime": "0722/150200", "correlationVector":"vcpACF2P676VSdghb2qzwb.3","action":"GetUpdates Response", "result":"Success", "context":Received 1 update(s). cV=vcpACF2P676VSdghb2qzwb.0;server=akswtt116000007;cloudType=Consumer;environment=Prod_francecentral_prod-s01-062-eur-francecentral;migrationStage=NotStarted}
{"logTime": "0722/150200", "correlationVector":"9OHQH7cJvBymN4OuNFU+IJ","action":"Initial GetUpdates", "result":"", "context":Reason: NEWLY_SUPPORTED_DATATYPE. cV=9OHQH7cJvBymN4OuNFU+IJ}
{"logTime": "0722/150201", "correlationVector":"9OHQH7cJvBymN4OuNFU+IJ.1","action":"SyncServerConnectionManagerRequest", "result":"SYNC_SERVER_OK", "context":{"environment":"Prod_francecentral_prod-s01-062-eur-francecentral", "migrationStage":"NotStarted", "server":"akswtt11600000h"}}
{"logTime": "0722/150201", "correlationVector":"9OHQH7cJvBymN4OuNFU+IJ.2","action":"ProcessGetUpdates", "result":"Done", "context":{"dataType":"Bookmarks", "deleted":"0", "process_failed_to_decrypt":"0", "process_pending_decryption":"0", "process_success":"8", "total":"8"}}
{"logTime": "0722/150201", "correlationVector":"9OHQH7cJvBymN4OuNFU+IJ.3","action":"ProcessGetUpdates", "result":"Done", "context":{"dataType":"Preferences", "deleted":"0", "process_failed_to_decrypt":"0", "process_pending_decryption":"0", "process_success":"57", "total":"57"}}
{"logTime": "0722/150201", "correlationVector":"9OHQH7cJvBymN4OuNFU+IJ.4","action":"ProcessGetUpdates", "result":"Done", "context":{"dataType":"Autofill", "deleted":"0", "process_failed_to_decrypt":"0", "process_pending_decryption":"0", "process_success":"184", "total":"184"}}
{"logTime": "0722/150201", "correlationVector":"9OHQH7cJvBymN4OuNFU+IJ.5","action":"ProcessGetUpdates", "result":"Done", "context":{"dataType":"Extension settings", "deleted":"0", "process_failed_to_decrypt":"0", "process_pending_decryption":"0", "process_success":"1", "total":"1"}}
{"logTime": "0722/150201", "correlationVector":"9OHQH7cJvBymN4OuNFU+IJ.6","action":"GetUpdates Response", "result":"Success", "context":Received 250 update(s). cV=9OHQH7cJvBymN4OuNFU+IJ.0;server=akswtt11600000h;cloudType=Consumer;environment=Prod_francecentral_prod-s01-062-eur-francecentral;migrationStage=NotStarted Some updates remain.}
{"logTime": "0722/150201", "correlationVector":"vbVLxIFFkr/9xT3IFgghmQ","action":"Initial GetUpdates", "result":"", "context":Reason: NEWLY_SUPPORTED_DATATYPE. cV=vbVLxIFFkr/9xT3IFgghmQ}
{"logTime": "0722/150202", "correlationVector":"vbVLxIFFkr/9xT3IFgghmQ.1","action":"SyncServerConnectionManagerRequest", "result":"SYNC_SERVER_OK", "context":{"environment":"Prod_francecentral_prod-s01-062-eur-francecentral", "migrationStage":"NotStarted", "server":"akswtt11600000q"}}
{"logTime": "0722/150202", "correlationVector":"vbVLxIFFkr/9xT3IFgghmQ.2","action":"ProcessGetUpdates", "result":"Done", "context":{"dataType":"Preferences", "deleted":"0", "process_failed_to_decrypt":"0", "process_pending_decryption":"0", "process_success":"11", "total":"11"}}
{"logTime": "0722/150202", "correlationVector":"vbVLxIFFkr/9xT3IFgghmQ.3","action":"ProcessGetUpdates", "result":"Done", "context":{"dataType":"Autofill Profiles", "deleted":"1", "process_failed_to_decrypt":"0", "process_pending_decryption":"0", "process_success":"11", "total":"11"}}
{"logTime": "0722/150202", "correlationVector":"vbVLxIFFkr/9xT3IFgghmQ.4","action":"ProcessGetUpdates", "result":"Done", "context":{"dataType":"Autofill", "deleted":"0", "process_failed_to_decrypt":"0", "process_pending_decryption":"0", "process_success":"214", "total":"214"}}
{"logTime": "0722/150202", "correlationVector":"vbVLxIFFkr/9xT3IFgghmQ.5","action":"ProcessGetUpdates", "result":"Done", "context":{"dataType":"Extensions", "deleted":"0", "process_failed_to_decrypt":"0", "process_pending_decryption":"0", "process_success":"1", "total":"1"}}
{"logTime": "0722/150202", "correlationVector":"vbVLxIFFkr/9xT3IFgghmQ.6","action":"ProcessGetUpdates", "result":"Done", "context":{"dataType":"Sessions", "deleted":"13", "process_failed_to_decrypt":"0", "process_pending_decryption":"0", "process_success":"13", "total":"13"}}
{"logTime": "0722/150202", "correlationVector":"vbVLxIFFkr/9xT3IFgghmQ.7","action":"GetUpdates Response", "result":"Success", "context":Received 250 update(s). cV=vbVLxIFFkr/9xT3IFgghmQ.0;server=akswtt11600000q;cloudType=Consumer;environment=Prod_francecentral_prod-s01-062-eur-francecentral;migrationStage=NotStarted Some updates remain.}
{"logTime": "0722/150202", "correlationVector":"gtACo1Mo/d3Qzc2WCpkSHl","action":"Initial GetUpdates", "result":"", "context":Reason: NEWLY_SUPPORTED_DATATYPE. cV=gtACo1Mo/d3Qzc2WCpkSHl}
{"logTime": "0722/150203", "correlationVector":"gtACo1Mo/d3Qzc2WCpkSHl.1","action":"SyncServerConnectionManagerRequest", "result":"SYNC_SERVER_OK", "context":{"environment":"Prod_francecentral_prod-s01-062-eur-francecentral", "migrationStage":"NotStarted", "server":"akswtt11600001b"}}
{"logTime": "0722/150203", "correlationVector":"gtACo1Mo/d3Qzc2WCpkSHl.2","action":"ProcessGetUpdates", "result":"Done", "context":{"dataType":"Autofill", "deleted":"0", "process_failed_to_decrypt":"0", "process_pending_decryption":"0", "process_success":"250", "total":"250"}}
{"logTime": "0722/150203", "correlationVector":"gtACo1Mo/d3Qzc2WCpkSHl.3","action":"GetUpdates Response", "result":"Success", "context":Received 250 update(s). cV=gtACo1Mo/d3Qzc2WCpkSHl.0;server=akswtt11600001b;cloudType=Consumer;environment=Prod_francecentral_prod-s01-062-eur-francecentral;migrationStage=NotStarted Some updates remain.}
{"logTime": "0722/150203", "correlationVector":"lhkGxHO4QMaGod1jm1qYgA","action":"Initial GetUpdates", "result":"", "context":Reason: NEWLY_SUPPORTED_DATATYPE. cV=lhkGxHO4QMaGod1jm1qYgA}
{"logTime": "0722/150204", "correlationVector":"lhkGxHO4QMaGod1jm1qYgA.1","action":"SyncServerConnectionManagerRequest", "result":"SYNC_SERVER_OK", "context":{"environment":"Prod_francecentral_prod-s01-062-eur-francecentral", "migrationStage":"NotStarted", "server":"akswtt11600000r"}}
{"logTime": "0722/150204", "correlationVector":"lhkGxHO4QMaGod1jm1qYgA.2","action":"ProcessGetUpdates", "result":"Done", "context":{"dataType":"Preferences", "deleted":"0", "process_failed_to_decrypt":"0", "process_pending_decryption":"0", "process_success":"1", "total":"1"}}
{"logTime": "0722/150204", "correlationVector":"lhkGxHO4QMaGod1jm1qYgA.3","action":"ProcessGetUpdates", "result":"Done", "context":{"dataType":"Autofill", "deleted":"0", "process_failed_to_decrypt":"0", "process_pending_decryption":"0", "process_success":"160", "total":"160"}}
{"logTime": "0722/150204", "correlationVector":"lhkGxHO4QMaGod1jm1qYgA.4","action":"ProcessGetUpdates", "result":"Done", "context":{"dataType":"Extensions", "deleted":"0", "process_failed_to_decrypt":"0", "process_pending_decryption":"0", "process_success":"1", "total":"1"}}
{"logTime": "0722/150204", "correlationVector":"lhkGxHO4QMaGod1jm1qYgA.5","action":"ProcessGetUpdates", "result":"Done", "context":{"dataType":"Sessions", "deleted":"0", "process_failed_to_decrypt":"0", "process_pending_decryption":"0", "process_success":"2", "total":"2"}}
{"logTime": "0722/150204", "correlationVector":"lhkGxHO4QMaGod1jm1qYgA.6","action":"GetUpdates Response", "result":"Success", "context":Received 164 update(s). cV=lhkGxHO4QMaGod1jm1qYgA.0;server=akswtt11600000r;cloudType=Consumer;environment=Prod_francecentral_prod-s01-062-eur-francecentral;migrationStage=NotStarted}
{"logTime": "0722/150204", "correlationVector":"qmncEaVEgli9KypnwZqhTI","action":"Initial GetUpdates", "result":"", "context":Reason: NEWLY_SUPPORTED_DATATYPE. cV=qmncEaVEgli9KypnwZqhTI}
{"logTime": "0722/150207", "correlationVector":"qmncEaVEgli9KypnwZqhTI.1","action":"SyncServerConnectionManagerRequest", "result":"SYNC_SERVER_OK", "context":{"environment":"Prod_francecentral_prod-s01-062-eur-francecentral", "migrationStage":"NotStarted", "server":"akswtt116000019"}}
{"logTime": "0722/150207", "correlationVector":"qmncEaVEgli9KypnwZqhTI.2","action":"ProcessGetUpdates", "result":"Done", "context":{"dataType":"History", "deleted":"0", "process_failed_to_decrypt":"0", "process_pending_decryption":"0", "process_success":"250", "total":"250"}}
{"logTime": "0722/150207", "correlationVector":"qmncEaVEgli9KypnwZqhTI.3","action":"GetUpdates Response", "result":"Success", "context":Received 250 update(s). cV=qmncEaVEgli9KypnwZqhTI.0;server=akswtt116000019;cloudType=Consumer;environment=Prod_francecentral_prod-s01-062-eur-francecentral;migrationStage=NotStarted Some updates remain.}
{"logTime": "0722/150207", "correlationVector":"KrXinDfpuTOFNgN8pMxrZ2","action":"Initial GetUpdates", "result":"", "context":Reason: NEWLY_SUPPORTED_DATATYPE. cV=KrXinDfpuTOFNgN8pMxrZ2}
{"logTime": "0722/150208", "correlationVector":"KrXinDfpuTOFNgN8pMxrZ2.1","action":"SyncServerConnectionManagerRequest", "result":"SYNC_SERVER_OK", "context":{"environment":"Prod_westeurope_prod-s01-080-eur-westeurope", "migrationStage":"NotStarted", "server":"akswtt00300000q"}}
{"logTime": "0722/150208", "correlationVector":"KrXinDfpuTOFNgN8pMxrZ2.2","action":"ProcessGetUpdates", "result":"Done", "context":{"dataType":"History", "deleted":"0", "process_failed_to_decrypt":"0", "process_pending_decryption":"0", "process_success":"52", "total":"52"}}
{"logTime": "0722/150208", "correlationVector":"KrXinDfpuTOFNgN8pMxrZ2.3","action":"GetUpdates Response", "result":"Success", "context":Received 52 update(s). cV=KrXinDfpuTOFNgN8pMxrZ2.0;server=akswtt00300000q;cloudType=Consumer;environment=Prod_westeurope_prod-s01-080-eur-westeurope;migrationStage=NotStarted}
{"logTime": "0722/150208", "correlationVector":"WzK1eXG5mP0AndOnzcPmAH","action":"Normal GetUpdate request", "result":"", "context":cV=WzK1eXG5mP0AndOnzcPmAH
Nudged types: Sessions, Device Info, User Consents
Refresh requested types: Bookmarks, Preferences, Passwords, Autofill Profiles, Autofill, Extensions, Sessions, Extension settings, History Delete Directives, Device Info, User Consents, Send Tab To Self, Web Apps, History, Saved Tab Group, WebAuthn Credentials, Edge E Drop, Edge Hub App Usage, Edge Workspace, Encryption Keys}
{"logTime": "0722/150210", "correlationVector":"WzK1eXG5mP0AndOnzcPmAH.1","action":"SyncServerConnectionManagerRequest", "result":"SYNC_SERVER_OK", "context":{"environment":"Prod_westeurope_prod-s01-080-eur-westeurope", "migrationStage":"NotStarted", "server":"akswtt003000009"}}
{"logTime": "0722/150210", "correlationVector":"WzK1eXG5mP0AndOnzcPmAH.2","action":"GetUpdates Response", "result":"Success", "context":Received 0 update(s). cV=WzK1eXG5mP0AndOnzcPmAH.0;server=akswtt003000009;cloudType=Consumer;environment=Prod_westeurope_prod-s01-080-eur-westeurope;migrationStage=NotStarted}
{"logTime": "0722/150210", "correlationVector":"45/AP7HQDaLLs919xg/J5O","action":"DoCompareDataConsistency requsted types: ", "result":"Bookmarks, Preferences, Passwords, Extensions, Extension settings, History Delete Directives, Send Tab To Self, Web Apps, History, Saved Tab Group, WebAuthn Credentials, Edge E Drop, Edge Workspace, Encryption Keys"}
{"logTime": "0722/150210", "correlationVector":"45/AP7HQDaLLs919xg/J5O.0","action":"CompareDataConsistency result: ", "result":"Compare result: Encryption Keys is consistent. local entities count is: 1 local entities hash is: wl4bOwA+92W1Dx5GAnspMzIq38I="}
{"logTime": "0722/150210", "correlationVector":"45/AP7HQDaLLs919xg/J5O.1","action":"CompareDataConsistency result: ", "result":"Compare result: Bookmarks is consistent. local entities count is: 2 local entities hash is: wmNPFgUI7ookWV4xDkeiwV/dySM="}
{"logTime": "0722/150210", "correlationVector":"45/AP7HQDaLLs919xg/J5O.2","action":"CompareDataConsistency result: ", "result":"Compare result: Preferences is consistent. local entities count is: 69 local entities hash is: yMxBsTh3nDlvVieiqIWqS14zdDk="}
{"logTime": "0722/150210", "correlationVector":"45/AP7HQDaLLs919xg/J5O.3","action":"CompareDataConsistency result: ", "result":"Compare result: Extensions is consistent. local entities count is: 2 local entities hash is: aWJIMZYjVlKfi00sT1TeKG2bNXQ="}
{"logTime": "0722/150210", "correlationVector":"45/AP7HQDaLLs919xg/J5O.4","action":"CompareDataConsistency result: ", "result":"Compare result: Extension settings is consistent. local entities count is: 1 local entities hash is: 8Ec92joYnukoR1LVAze+5q15Jas="}
{"logTime": "0722/150210", "correlationVector":"45/AP7HQDaLLs919xg/J5O.5","action":"CompareDataConsistency result: ", "result":"Compare result: History Delete Directives is consistent. local entities count is: 0 local entities hash is: "}
{"logTime": "0722/150210", "correlationVector":"45/AP7HQDaLLs919xg/J5O.6","action":"CompareDataConsistency result: ", "result":"Server did not send this Send Tab To Self local entities count is: 0 local entities hash is: "}
{"logTime": "0722/150210", "correlationVector":"45/AP7HQDaLLs919xg/J5O.7","action":"CompareDataConsistency result: ", "result":"Compare result: Web Apps is consistent. local entities count is: 0 local entities hash is: "}
{"logTime": "0722/150210", "correlationVector":"45/AP7HQDaLLs919xg/J5O.8","action":"CompareDataConsistency result: ", "result":"Server did not send this History local entities count is: 0 local entities hash is: "}
{"logTime": "0722/150210", "correlationVector":"45/AP7HQDaLLs919xg/J5O.9","action":"CompareDataConsistency result: ", "result":"Compare result: Saved Tab Group is consistent. local entities count is: 0 local entities hash is: "}
{"logTime": "0722/150210", "correlationVector":"45/AP7HQDaLLs919xg/J5O.10","action":"CompareDataConsistency result: ", "result":"Server did not send this WebAuthn Credentials local entities count is: 0 local entities hash is: "}
{"logTime": "0722/150210", "correlationVector":"45/AP7HQDaLLs919xg/J5O.11","action":"CompareDataConsistency result: ", "result":"Compare result: Edge E Drop is consistent. local entities count is: 0 local entities hash is: "}
{"logTime": "0722/150210", "correlationVector":"45/AP7HQDaLLs919xg/J5O.12","action":"CompareDataConsistency result: ", "result":"Server did not send this Edge Workspace local entities count is: 0 local entities hash is: "}
{"logTime": "0722/150210", "correlationVector":"45/AP7HQDaLLs919xg/J5O.13","action":"CompareDataConsistency result: ", "result":"Compare result: Passwords is consistent. local entities count is: 247 local entities hash is: iuvpNoXJdX8dKsfGggN44rhPkq8="}
{"logTime": "0722/150210", "correlationVector":"S5Q+YSbVOLaNnHIFP7Shrn","action":"Commit Request", "result":"", "context":Item count: 4
Contributing types: Sessions, Device Info, User Consents}
{"logTime": "0722/150212", "correlationVector":"S5Q+YSbVOLaNnHIFP7Shrn.1","action":"SyncServerConnectionManagerRequest", "result":"SYNC_SERVER_OK", "context":{"environment":"Prod_westeurope_prod-s01-080-eur-westeurope", "migrationStage":"NotStarted", "server":"akswtt00300000q"}}
{"logTime": "0722/150212", "correlationVector":"S5Q+YSbVOLaNnHIFP7Shrn.2","action":"Commit Response", "result":"Success", "context":Result: Success. cV=S5Q+YSbVOLaNnHIFP7Shrn.0;server=akswtt00300000q;cloudType=Consumer;environment=Prod_westeurope_prod-s01-080-eur-westeurope;migrationStage=NotStarted}
{"logTime": "0722/150212", "correlationVector":"","action":"DIAGNOSTIC_REQUEST|v1/diagnosticData/Diagnostic.SendCheckResult()|SUCCESS", "result":""}
{"logTime": "0722/150223", "correlationVector":"d5n9f3LLSxLViqQY1ooH1I","action":"Normal GetUpdate request", "result":"", "context":cV=d5n9f3LLSxLViqQY1ooH1I
Nudged types: Sessions
Refresh requested types: Bookmarks, Preferences, Passwords, Autofill Profiles, Autofill, Extensions, Sessions, Extension settings, History Delete Directives, Device Info, User Consents, Send Tab To Self, Web Apps, History, Saved Tab Group, WebAuthn Credentials, Edge E Drop, Edge Hub App Usage, Edge Workspace, Encryption Keys}
{"logTime": "0722/150224", "correlationVector":"d5n9f3LLSxLViqQY1ooH1I.1","action":"SyncServerConnectionManagerRequest", "result":"SYNC_SERVER_OK", "context":{"environment":"Prod_westeurope_prod-s01-080-eur-westeurope", "migrationStage":"NotStarted", "server":"akswtt00300000d"}}
{"logTime": "0722/150224", "correlationVector":"d5n9f3LLSxLViqQY1ooH1I.2","action":"ProcessGetUpdates", "result":"Done", "context":{"dataType":"Sessions", "deleted":"0", "process_failed_to_decrypt":"0", "process_pending_decryption":"0", "process_success":"2", "total":"2"}}
{"logTime": "0722/150224", "correlationVector":"d5n9f3LLSxLViqQY1ooH1I.3","action":"ProcessGetUpdates", "result":"Done", "context":{"dataType":"Device Info", "deleted":"0", "process_failed_to_decrypt":"0", "process_pending_decryption":"0", "process_success":"1", "total":"1"}}
{"logTime": "0722/150224", "correlationVector":"d5n9f3LLSxLViqQY1ooH1I.4","action":"GetUpdates Response", "result":"Success", "context":Received 3 update(s). cV=d5n9f3LLSxLViqQY1ooH1I.0;server=akswtt00300000d;cloudType=Consumer;environment=Prod_westeurope_prod-s01-080-eur-westeurope;migrationStage=NotStarted}
{"logTime": "0722/150224", "correlationVector":"ZHS/l19vcoz/etOW3bYpp2","action":"Commit Request", "result":"", "context":Item count: 2
Contributing types: Sessions}
{"logTime": "0722/150225", "correlationVector":"ZHS/l19vcoz/etOW3bYpp2.1","action":"SyncServerConnectionManagerRequest", "result":"SYNC_SERVER_OK", "context":{"environment":"Prod_francecentral_prod-s01-062-eur-francecentral", "migrationStage":"NotStarted", "server":"akswtt116000019"}}
{"logTime": "0722/150225", "correlationVector":"ZHS/l19vcoz/etOW3bYpp2.2","action":"Commit Response", "result":"Success", "context":Result: Success. cV=ZHS/l19vcoz/etOW3bYpp2.0;server=akswtt116000019;cloudType=Consumer;environment=Prod_francecentral_prod-s01-062-eur-francecentral;migrationStage=NotStarted}
